Running with n=4 and lambd=40
========================================
Default bit length for compilation: 64
Compiling: test-sampling-main from compile_func
p: 0.76010308892274921869908784735031855392685616901889
0.76010308892183972399731491911240351486435616901889
k2 25.194152912327868103220870421403937652458488475847
m: 35
c: 28
acc: 50
k: 9
49035
WARNING: Order of memory instructions not preserved, errors possible
Writing to Programs/Schedules/test-sampling-main.sch
Writing to Programs/Bytecode/test-sampling-main-0.bc
Hash: 6e69465a6ac343b79c519baab42ba5bed596cb14d56b7cf137099efe448d96be
Program requires at most:
       49035 bit inputs from player 0
       49035 bit inputs from player 1
       49035 bit inputs from player 2
       63875 bit triples
         105 bit mixeds
      100941 virtual machine rounds
Using statistical security parameter 40
1, -55
0, 91
1, 48
1, -33
1, 18
1, -41
1, 28
1, -29
0, 173
0, 3
1, -27
1, 26
1, 36
0, 222
0, 202
1, 35
1, -11
0, 24
1, -52
0, 195
1, -34
1, -29
0, -148
1, 58
1, -53
1, 30
0, 122
1, 78
1, 108
1, -18
1, -6
0, -227
1, -103
1, -30
1, 2
Broadcasting 2.4569 MB in 100084 rounds, taking 54.1021 seconds
Partial broadcasting 79.2478 MB in 101242 rounds, taking 56.7452 seconds
Sending/receiving 71.0628 MB in 51402 rounds, taking 28.3511 seconds
	520 triples of Shamir gf2n_long left
	125 bits of Shamir gf2n_long left
Data sent = 234.472 MB in ~252728 rounds (party 0 only)
Global data sent = 703.4 MB (all parties)
Data sent in online phase = 234.472 MB (this party only)
Time = 140.502 seconds
----------------------------------------
Running with n=1024 and lambd=40
========================================
Default bit length for compilation: 64
Compiling: test-sampling-main from compile_func
p: 0.76010308892274921869908784735031855392685616901889
0.76010308892183972399731491911240351486435616901889
k2 25.194152912327868103220870421403937652458488475847
m: 1545
c: 28
acc: 58
k: 9
2510625
WARNING: Order of memory instructions not preserved, errors possible
Writing to Programs/Schedules/test-sampling-main.sch
Writing to Programs/Bytecode/test-sampling-main-0.bc
Hash: ef4c6b9a818d341cf3f309df1054eb0d1dea41ed073017af83c1b18f6b1c33ad
Program requires at most:
     2510625 bit inputs from player 0
     2510625 bit inputs from player 1
     2510625 bit inputs from player 2
     3165705 bit triples
        4635 bit mixeds
     5147941 virtual machine rounds
Using statistical security parameter 40
0, 11
0, 7
1, 24
0, 82
1, -30
0, -156
1, 21
1, 10
1, 64
1, 16
1, -13
1, -77
1, 44
1, 16
1, 10
1, 51
0, -188
0, 5
1, 30
0, 23
1, -54
0, 137
1, 47
1, -113
1, 9
0, -15
1, 49
1, 24
1, 40
1, 15
1, 27
1, -12
1, 0
1, 145
1, -37
1, -30
0, 140
1, -55
1, 8
0, 11
0, 18
1, -33
1, -125
1, 31
0, 1
1, 39
0, 121
1, 18
1, 15
0, 20
1, 4
1, -28
1, 30
1, -65
1, -20
1, 41
1, 36
1, 53
1, 22
0, 2
1, -29
1, -65
0, -12
1, -121
0, 143
0, 197
1, 31
1, -12
1, 75
1, -35
1, 49
1, -1
1, 18
1, -6
1, -17
1, 30
1, -18
0, 135
0, -21
0, 214
1, -37
1, 65
0, 13
1, 15
1, -19
1, 56
1, 29
0, -176
0, -4
0, 90
1, -11
1, 52
1, -22
0, -1
0, 176
1, -42
0, -27
1, 7
1, 10
1, 60
1, 42
1, -74
1, -69
1, 94
0, -46
1, 53
1, 46
1, 56
1, 6
1, 114
1, -63
1, 2
1, 10
1, -45
1, -70
1, -33
1, -63
1, 32
1, 23
1, -92
1, 0
1, -16
1, 24
1, -2
1, 22
1, -101
1, 35
1, 6
0, -9
0, 21
1, 65
0, 24
0, 1
1, 2
1, -25
0, -137
1, -47
0, 451
1, 44
1, -42
1, 51
1, -17
1, 58
0, -5
0, -1
1, 16
1, 49
1, -42
1, 4
1, -1
1, -62
1, -2
0, -112
1, 23
1, 7
1, -65
1, 9
0, -8
0, 15
0, 6
1, 3
1, 26
1, 1
0, 160
1, -2
1, -29
0, -3
1, 64
1, -2
0, -1
1, -10
1, 24
1, -54
0, -21
1, 16
1, 14
1, -40
1, -29
0, 94
1, -12
0, 19
1, 13
1, 32
1, -41
1, -32
1, -35
1, -56
1, -47
1, -11
1, 52
1, -44
1, -144
1, 16
1, 41
1, -81
1, 17
0, 272
1, 16
1, 7
0, -127
0, -137
1, -84
1, -97
1, 82
0, -6
0, 88
1, -61
1, -47
1, -10
1, 50
1, -15
1, 58
1, -33
1, 47
0, 253
1, -39
1, -18
1, 36
1, -97
1, -6
0, -3
1, -1
0, -102
1, -13
1, 13
1, -5
1, 5
1, -58
1, -16
1, -32
1, -18
0, 94
1, -15
1, -21
1, 62
1, 3
1, 47
1, 9
1, -47
1, 17
1, 76
1, -37
1, 4
1, -29
1, 43
1, -48
1, 12
1, 42
1, -27
1, -82
1, -8
1, 97
0, -143
1, -47
0, 67
1, -13
1, 37
1, -80
0, -158
0, -135
1, 21
1, 37
1, 2
0, 80
0, 3
0, 246
1, -90
1, 57
1, -43
1, 57
0, -107
1, -2
1, -28
1, -13
1, 66
1, -10
1, 4
1, 40
1, 21
1, -120
1, 5
1, 58
1, -17
1, -65
1, -53
1, -43
1, 62
1, 59
0, -131
1, -50
1, -5
1, -4
1, -2
1, 17
1, -20
1, -6
0, -151
1, -2
1, 60
0, 238
1, 23
0, -98
0, 4
1, -45
1, -39
0, -16
0, 149
1, -15
0, -18
1, -20
1, -29
1, 55
0, -103
1, 18
1, 12
1, -16
0, 149
1, -30
1, -97
0, -17
1, 39
1, 12
1, -20
0, 103
0, -323
1, -40
1, -45
0, -171
1, 35
0, 166
1, 16
1, -54
1, -18
1, 101
1, -30
1, -28
1, 33
1, 55
0, 127
1, -19
0, -111
1, -120
1, -53
1, 28
0, 109
1, -30
0, -3
1, -32
1, -55
1, -35
1, 24
1, -23
1, -8
0, -1
1, -25
1, -14
1, 26
1, -73
1, -24
1, -66
1, -67
0, -84
1, -56
1, 11
0, 4
0, 128
1, -22
1, 35
1, 98
0, -8
1, 45
1, 44
1, 39
1, -16
1, 32
1, 6
1, 51
1, 44
1, 17
1, 30
0, -31
1, -66
1, -15
1, 51
1, 44
1, 53
1, 27
1, -40
1, 40
1, 13
1, -106
1, 41
1, 66
1, -51
1, -13
1, 41
1, -21
1, -34
1, -94
0, 6
1, -26
1, -78
1, -54
1, -13
1, 34
1, 61
1, 12
0, 26
1, 9
1, -57
1, -32
1, -33
1, -90
1, -61
1, -20
0, 67
1, -44
1, 26
1, -4
1, -60
1, -12
0, 72
1, 80
1, 17
0, -3
0, 276
1, -31
0, -130
1, -47
1, 89
1, 69
0, 142
1, 46
1, 13
1, -59
1, 14
1, 35
1, -18
1, -53
1, -115
1, 17
0, -7
1, -59
1, 7
1, 35
1, -52
0, -81
1, 17
1, -13
1, -32
1, -9
1, -7
1, 18
1, -4
0, -94
1, -2
1, 66
1, -101
1, 18
1, 80
0, -4
1, -51
0, 3
1, -5
0, -149
1, -6
0, -200
1, 6
1, -1
0, 180
1, 26
1, -18
1, -14
1, -39
1, 24
1, 72
1, 26
0, -9
1, 64
1, -11
1, -64
1, -33
1, 51
1, 5
1, -22
1, -34
1, -1
0, 83
0, 12
1, -37
1, -71
1, 2
1, 10
0, -120
1, -5
1, -68
1, -21
0, 2
1, 97
1, 34
0, 184
1, 157
1, -66
0, -141
1, -39
1, 50
1, 46
1, 16
1, 14
1, -9
1, -21
1, 8
1, 12
1, -62
1, -33
1, 2
1, 53
1, -15
0, -3
1, -32
1, 19
1, 52
1, -30
1, 42
1, -51
1, 12
0, -111
1, -15
0, -15
1, 40
1, -36
1, 33
1, -62
1, 54
1, -7
1, -52
1, 64
1, 51
1, -22
1, -36
1, 9
1, 41
1, 34
1, 13
1, -15
1, 52
1, -33
1, -39
0, -185
1, 51
1, -78
1, 23
1, 36
1, -3
0, 0
1, 78
0, -17
1, 51
1, 26
0, 114
1, 2
0, -12
1, 40
1, 14
0, -172
1, -1
1, -13
1, 65
1, 14
0, -168
1, -20
1, 70
1, -67
0, -125
1, -58
0, -5
1, -24
0, 180
1, -17
0, -12
1, -46
1, -89
1, 48
0, 5
1, 29
1, -63
1, -15
1, 38
1, 15
1, 36
1, -13
1, -5
1, 11
1, -21
0, -79
1, -1
1, 18
0, 14
0, -239
1, -55
1, -26
0, -9
1, 33
1, -57
1, 16
0, -127
1, 70
1, -12
1, 41
1, 42
1, 58
0, 114
0, -120
0, -109
1, 61
1, -65
0, 6
0, 0
1, 6
0, 9
0, -136
0, 24
0, 160
1, -88
1, 24
1, -35
1, -32
1, 25
1, -32
1, 37
1, 2
1, 68
0, 156
1, -13
1, -47
0, 8
1, -24
1, 31
0, 136
1, 17
1, -55
1, 16
1, 53
0, 132
1, -49
0, -1
1, -36
1, -17
1, -8
1, -5
1, 38
1, -47
1, 25
1, -77
1, -17
0, -4
0, 123
1, -60
1, -104
1, 4
1, 1
1, 107
1, -108
1, -19
1, 79
1, 24
1, 5
1, -36
1, -76
0, -13
1, 3
0, 96
0, 225
1, 11
1, -42
1, -34
1, -79
1, 26
1, -49
1, -57
1, -14
0, -132
1, 65
0, -190
1, 0
0, 98
0, -77
1, -95
1, -13
0, 2
1, 78
1, 31
1, 51
1, -8
1, -46
1, 70
1, 107
1, -16
1, -3
1, -20
1, 0
1, 15
1, 56
0, -160
1, 24
1, 38
1, 23
0, -78
1, 17
0, 254
0, 6
0, -1
1, 3
1, -16
1, 37
1, 0
0, -137
1, 25
1, 14
0, -21
1, -70
1, 44
1, -32
1, -55
1, -105
1, 31
0, 0
1, 87
1, -15
0, -3
0, 163
0, 5
1, -52
0, 10
1, 151
1, -93
1, -7
1, 41
1, 36
1, -30
1, -78
1, 52
1, 86
1, -5
1, -41
1, -5
1, 13
1, 2
1, 104
1, 47
1, -61
0, -29
1, 46
0, -179
1, 47
1, 19
0, 12
1, 35
0, -11
1, 58
1, 15
1, 75
0, -136
1, 13
1, 93
1, 73
0, -9
1, 7
1, 67
0, -5
1, 12
0, 132
1, 9
1, -49
1, 2
1, 4
1, -2
0, 80
0, -107
1, 34
0, 99
0, -4
1, -15
0, -26
0, -105
1, 35
1, 6
1, -25
1, -60
1, 16
1, -35
0, -133
1, 55
0, 21
0, 142
1, -14
1, -26
1, 20
1, 44
1, 74
1, 29
1, -33
1, 1
1, 35
1, -45
1, 15
0, 131
1, 60
1, -21
1, -83
0, 15
0, -109
1, -108
1, 42
1, 23
1, 3
1, 0
1, 19
0, -78
0, -7
0, 196
0, 99
1, -6
0, 199
1, 61
1, 18
1, 128
1, 23
1, -15
0, 94
1, 49
1, -37
0, -140
1, 128
1, -10
1, -4
0, -114
1, 33
1, -46
1, 77
1, 14
1, -23
1, -76
1, 35
1, 37
1, 3
0, -221
1, 3
0, 120
1, -41
1, 11
1, 22
1, 48
1, 33
1, -21
0, 104
1, -24
1, 53
1, 59
0, 179
1, -81
1, -26
1, 42
1, 64
0, -4
1, 7
0, -162
1, 44
1, 16
1, -20
1, 56
1, -16
0, -111
1, -72
1, 33
1, 32
1, -102
1, 61
1, -24
1, -12
1, -40
1, 5
1, 17
1, 14
1, -13
0, -165
1, -15
1, 46
1, -34
0, 106
0, 7
1, -83
1, 108
1, 8
1, -73
0, -1
1, -31
1, -16
1, 7
1, 26
1, 42
1, -126
1, 7
1, 33
1, 24
1, 70
1, -84
1, -28
1, -45
0, 5
1, -83
1, -17
1, 66
1, -6
1, -14
1, -48
1, -58
1, -123
0, 4
1, 12
1, -71
1, -1
0, 2
1, 35
1, 66
1, -37
1, -38
0, 0
0, 151
1, -35
1, -94
1, 5
1, -96
1, 25
0, -6
1, 20
1, 34
1, 8
1, 77
0, -5
1, 25
1, 35
0, 17
1, -106
0, 0
1, -24
1, -28
1, -65
1, -31
0, 5
1, -7
0, -7
1, 17
1, -34
0, 2
1, -67
1, -10
1, -29
1, 37
1, 61
1, 50
1, 63
1, -18
1, -39
0, 258
0, -6
0, -7
1, -80
0, 149
1, -64
1, 46
0, 22
1, -13
0, -97
0, -162
0, 326
0, 1
1, -35
1, 27
1, -48
0, -116
1, 84
1, 37
1, -38
1, -34
1, -6
0, 126
1, -20
0, 164
1, -29
1, -56
0, -132
1, 7
1, -37
1, 29
1, 51
1, -39
1, -69
0, 14
0, 142
1, -18
0, 94
1, 28
1, 40
1, 16
1, -12
0, -11
1, 43
1, 121
1, -131
1, 39
1, 30
1, 129
1, 47
1, 10
1, -17
1, 10
1, -32
1, 69
0, -138
1, 7
1, -24
0, -169
1, -19
1, -9
1, 42
1, -34
1, 86
1, -5
1, 36
0, -135
1, -51
1, 11
1, 0
1, 28
1, -76
0, 10
1, 51
1, -41
0, 7
1, -4
1, 57
1, -16
0, 169
1, -105
1, 31
1, 49
1, -19
0, 4
0, -16
1, -50
1, -117
1, -9
0, 16
1, -5
0, -1
1, 143
1, -42
1, -2
0, 71
1, 4
1, 68
1, -33
1, 79
1, 3
1, -6
1, -31
1, 14
1, 31
0, 13
0, -138
1, -15
1, -8
0, 136
1, 9
0, -9
1, 20
1, 39
1, -58
1, -89
0, 137
1, -25
1, 62
1, 10
1, 69
1, -45
1, 78
1, -100
1, -59
1, -12
1, -36
0, 120
1, -49
0, 165
1, -47
0, 80
1, 15
0, -9
0, 135
1, 60
1, 148
1, -16
0, 7
1, -12
1, -15
0, 13
1, -37
1, -62
1, 10
0, 151
1, 70
1, 15
1, 18
0, -104
1, -19
1, 48
1, 30
1, 14
1, -12
1, 3
1, 76
0, 165
1, 67
0, 2
1, -2
0, 14
0, 15
1, 142
1, -67
0, -14
1, 0
1, -29
1, 63
0, -16
0, -221
1, 19
0, 29
1, 21
0, -32
0, 18
1, -26
1, 64
1, 34
1, 4
1, 8
0, -3
1, 14
1, 7
0, 114
1, 14
1, 20
1, 36
1, -21
1, -21
1, -42
0, 188
0, -15
1, -10
1, -39
1, -6
1, 62
1, -3
0, 15
1, -35
1, 90
1, -26
0, -6
1, -7
0, 70
1, -101
1, 50
1, -4
1, -56
1, -47
0, -32
1, 21
1, -19
1, 31
1, -11
0, -113
1, -51
1, 70
0, 6
0, -4
1, -43
1, 18
1, 25
1, 5
0, -3
0, -19
1, 23
1, 15
1, -21
0, 4
1, -39
1, 6
1, -11
1, 51
1, 24
1, 11
1, 1
0, 3
1, 19
0, -19
0, -74
1, 68
0, 144
1, 26
1, 59
1, 32
1, 130
1, -21
0, 11
0, -135
1, -81
0, -92
1, -14
1, -6
0, 38
1, -55
0, 183
1, -67
1, -104
1, -21
1, -32
1, 54
0, -27
1, -24
1, 33
0, -15
0, -122
1, 16
0, 14
1, -36
0, 125
1, -41
1, 9
1, -74
1, 35
1, -1
1, 33
1, -79
0, -16
1, 20
1, 77
1, 17
0, 5
0, -2
1, 76
1, -9
1, -106
1, -96
1, 27
1, 33
1, -32
1, -9
1, -4
1, -11
1, -29
1, 17
0, -104
0, -7
0, 143
1, 71
1, 21
0, 236
1, -68
1, 1
1, 19
0, -266
1, -37
0, 130
1, -25
1, -22
1, 1
1, 70
1, -9
1, 54
1, 25
1, -15
1, 2
1, -75
1, 56
1, 41
1, -25
1, 60
1, 68
1, -20
1, -7
0, 122
1, -82
1, 22
0, 3
1, -11
0, 7
1, -6
1, -30
1, -13
1, -19
1, 62
1, 114
1, -43
1, 7
1, 18
0, 14
1, 75
1, -28
1, -20
1, 8
1, 59
0, 1
0, -121
1, 31
1, -40
1, 14
1, 19
1, 27
1, -43
1, -70
0, 3
0, -130
1, 56
1, 10
0, 1
1, -31
1, -86
1, 33
1, -1
1, -19
1, -2
1, 20
1, -27
1, -7
0, 3
1, -52
1, 73
1, 19
0, -10
1, 44
1, -4
1, -87
1, -51
0, -129
1, -35
1, 11
0, -138
0, 232
1, -18
1, 0
1, -11
1, 1
1, -45
1, -43
0, 94
0, 128
0, 26
1, -45
0, -104
1, -33
1, 8
1, 1
1, 22
1, 68
1, -10
1, -12
1, 63
1, -44
1, -23
0, 68
1, 5
1, 88
1, 5
1, 36
1, -44
1, -2
1, -22
1, -30
1, 148
1, -23
0, 90
1, 5
1, 74
1, 83
0, -21
0, 2
1, 70
1, 0
0, 114
1, 32
1, -48
0, -156
1, -13
1, 16
1, 8
1, 85
0, -98
1, 9
1, -100
0, 2
1, 50
1, 3
1, 56
0, 162
1, -18
1, -25
1, -52
1, 33
1, -65
1, -1
1, 40
1, 1
1, 31
1, -122
1, -4
0, 99
1, 3
1, -5
1, 56
1, -35
0, -91
0, 30
0, -11
1, -28
1, 19
1, 0
1, 16
1, -37
1, -20
1, -89
1, 53
1, -45
1, -32
1, 26
1, 96
1, -45
1, 5
0, -3
1, -50
0, -12
1, 55
1, -19
0, 14
1, -35
1, 60
1, -20
1, 22
0, -11
0, 132
1, -3
1, 14
1, 14
1, 75
1, -75
0, -70
1, 49
1, 24
1, 7
1, 10
1, -1
1, -1
0, 124
1, 53
1, 11
1, -15
1, 67
1, 8
1, -12
1, 17
1, -39
0, 5
1, -24
1, 70
1, 47
0, 150
1, -16
1, 84
1, 31
1, -24
1, -57
1, 46
1, -41
1, -9
1, -25
0, -2
1, 36
1, 26
0, 1
1, -98
1, 15
1, -1
0, 75
1, -15
1, 35
1, -49
1, -36
0, -103
1, -18
1, 3
0, 3
1, -20
0, -195
1, 1
1, -41
1, 58
1, -85
1, -12
1, -127
1, -63
0, -31
1, -155
1, 120
1, -7
1, 7
1, 2
0, 10
1, -21
1, -26
0, -31
0, -6
0, -113
0, 10
1, -32
1, 63
1, 3
1, 5
1, -18
0, -12
1, -22
1, 12
1, -83
1, 98
1, 76
1, -14
0, 30
1, -52
1, -12
1, -12
0, -194
1, -31
1, 40
1, -53
0, 160
1, -22
1, -27
1, -24
Broadcasting 125.717 MB in 5121866 rounds, taking 2767.02 seconds
Partial broadcasting 3945.87 MB in 5177111 rounds, taking 2895.95 seconds
Sending/receiving 3534.87 MB in 2628195 rounds, taking 1448.33 seconds
	960 triples of Shamir gf2n_long left
	295 bits of Shamir gf2n_long left
Data sent = 11678 MB in ~12927172 rounds (party 0 only)
Global data sent = 35034.1 MB (all parties)
Data sent in online phase = 11678 MB (this party only)
Time = 7177.82 seconds
----------------------------------------
