Running with n=4 and lambd=40
========================================
Default bit length for compilation: 64
Compiling: test-sampling-main from compile_func
direct ** communication: 1584, random bit: 1584, totol: 3168
ostack ** communication: 62604, random bit: 1314, total: 63918
use direct
Discrete Laplace geo ostack
lambda 40
n 4
num_variable 6
t 10.0
k 9
acc: 44
num of AND gates: 62604
num of random bits: 1314
num of AND + random bits: 63918
p 0.90483741803595956814139238421693559530906465375738
g 3
u 74
q 3
v 72
First Call to obliv stack from basic sampler
Second Call to obliv stack from basic sampler
First Call to obliv stack from basic sampler
Second Call to obliv stack from basic sampler
1494
WARNING: Order of memory instructions not preserved, errors possible
Writing to Programs/Schedules/test-sampling-main.sch
Writing to Programs/Bytecode/test-sampling-main-0.bc
Hash: 958a5d86cc4d143a5f38f6177b98745c1b8b7428253d70facd34ccf2cb93f461
Program requires at most:
        1494 bit inputs from player 0
        1494 bit inputs from player 1
        1494 bit inputs from player 2
         inf bit triples
           8 bit mixeds
         inf virtual machine rounds
Using statistical security parameter 40
-4
-8
10
-5
Broadcasting 0.119434 MB in 4766 rounds, taking 2.73374 seconds
Partial broadcasting 67.0237 MB in 5010 rounds, taking 5.03747 seconds
Sending/receiving 61.5713 MB in 3412 rounds, taking 2.62162 seconds
	322 triples of Shamir gf2n_long left
	908 bits of Shamir gf2n_long left
Data sent = 195.858 MB in ~13188 rounds (party 0 only)
Global data sent = 587.557 MB (all parties)
Data sent in online phase = 195.858 MB (this party only)
Time = 11.2984 seconds
----------------------------------------
Running with n=1024 and lambd=40
========================================
Default bit length for compilation: 64
Compiling: test-sampling-main from compile_func
direct ** communication: 414720, random bit: 414720, totol: 829440
ostack ** communication: 2093220, random bit: 25938, total: 2119158
use direct
Discrete Laplace geo ostack
lambda 40
n 1024
num_variable 1146
t 10.0
k 9
acc: 45
num of AND gates: 2093220
num of random bits: 25938
num of AND + random bits: 2119158
p 0.90483741803595956814139238421693559530906465375738
g 765
u 1871
q 381
v 1011
First Call to obliv stack from basic sampler
Second Call to obliv stack from basic sampler
First Call to obliv stack from basic sampler
Second Call to obliv stack from basic sampler
73042
WARNING: Order of memory instructions not preserved, errors possible
Writing to Programs/Schedules/test-sampling-main.sch
Writing to Programs/Bytecode/test-sampling-main-0.bc
Hash: 20a7815fdf19bc788639063f4655fa80979755e19fc4d46dd0d7ab58c926ae36
Program requires at most:
       73042 bit inputs from player 0
       73042 bit inputs from player 1
       73042 bit inputs from player 2
         inf bit triples
        2048 bit mixeds
         inf virtual machine rounds
Using statistical security parameter 40
22
8
-7
16
-1
0
0
-15
2
-15
-8
5
2
-11
-2
7
7
-3
18
-22
3
2
-20
19
6
-15
-14
-1
1
-2
21
-7
15
-1
-5
3
-10
-5
-2
-6
-2
-10
8
53
-10
-15
0
0
1
35
-1
13
1
7
14
-2
-14
-11
32
4
-8
-5
-13
-9
4
-2
-5
1
-3
17
-18
-2
-1
0
2
-6
17
5
-31
2
14
12
0
3
-15
-14
3
2
-2
7
-41
34
1
5
-2
-3
1
4
17
-9
6
0
-1
29
0
-2
6
-16
-22
-10
-2
-11
7
-12
6
-4
2
0
-1
3
2
-4
1
0
-10
4
1
-21
-14
-10
-11
38
0
-2
0
-3
-27
8
2
38
15
11
-11
-1
18
1
-2
-8
-6
2
9
-5
8
15
-5
-2
-1
1
-8
-14
16
-14
7
15
5
-10
10
4
-22
-10
-3
0
-15
10
11
6
-17
-1
1
21
-12
-10
6
11
-22
10
0
-16
-6
16
13
8
-24
-14
-12
1
-12
8
-5
-14
-7
9
3
5
1
-2
-5
9
-4
-1
-4
-4
9
-5
5
-27
3
-11
2
23
-15
5
-1
5
-10
-17
-3
-24
-2
-1
3
-5
-30
-9
7
-4
-14
8
-20
16
0
-5
0
-49
-1
-16
6
16
4
-1
-1
10
-16
1
-11
-23
1
2
-1
3
6
5
-7
12
6
-1
-4
-7
6
23
1
-4
-9
2
-13
-2
-13
-1
21
-4
36
8
-12
4
-2
6
6
-4
-15
2
17
-3
-5
-13
-8
-11
23
-11
-18
-5
4
13
2
-23
1
-30
22
-15
-15
-2
-17
-13
38
-10
-23
-2
0
-7
7
-12
14
-2
-2
-22
-2
-17
18
-12
5
4
24
13
-8
3
-15
-1
-4
-15
5
-6
5
-15
21
-7
-14
-32
0
0
15
0
-2
7
-24
9
-2
-3
-5
0
-15
-35
-13
8
-19
-5
-15
-9
13
3
-9
5
23
-2
9
-16
0
-2
-25
2
2
1
3
-10
-11
-5
-9
0
25
3
18
7
-17
-27
-33
16
-3
-19
-4
1
-5
-1
4
11
-8
-16
-8
10
6
-5
7
-1
-6
-22
-5
-16
5
2
20
15
4
-3
-13
50
-22
38
0
4
24
14
18
-35
16
2
1
5
4
2
-28
15
-26
0
-13
-20
5
-11
-3
-7
-7
0
3
-13
0
1
10
-18
5
-1
-7
-19
-16
-14
-12
5
-9
7
-6
-20
1
-18
-1
5
5
-16
11
-9
-15
3
16
-4
-25
7
0
-2
6
-24
7
24
-7
9
-8
1
12
5
5
2
-19
-18
16
-7
12
5
-1
2
-17
-45
10
-4
6
1
-9
-6
-4
21
-18
-1
20
-3
0
20
-7
-13
-13
-8
15
-5
-9
15
-5
-9
-19
29
2
3
-3
-19
-11
-10
-34
1
14
-2
0
29
28
13
-7
2
7
-1
14
4
-7
14
7
-11
5
20
-32
4
-3
-29
-6
15
1
6
8
-8
4
3
14
-5
1
-13
-2
22
17
17
-8
9
-2
-21
-2
2
0
-10
-7
4
8
0
-8
12
6
-14
-1
10
1
-6
2
-3
22
5
16
-4
15
22
-10
-1
1
-1
-1
5
-13
2
4
7
3
41
18
11
-7
2
-10
4
-4
8
-3
4
-17
7
-2
-3
-28
-19
12
40
9
0
-44
-7
4
7
4
2
-10
-18
5
-22
9
1
13
-4
-14
19
26
-13
1
7
27
4
21
26
24
3
-2
-5
2
0
2
-16
-8
-2
15
29
28
1
-5
-39
-9
-1
13
11
14
-12
-5
1
-2
0
-6
-14
-15
9
-1
0
30
43
-3
-1
7
-2
2
0
11
-8
-1
-1
7
-1
8
11
-49
-2
3
-29
-2
-12
1
-5
8
3
37
-14
-18
-8
10
10
-92
-2
3
-1
11
22
2
-37
-11
-15
-2
-22
-1
-4
8
18
13
-6
-19
-1
36
-16
23
0
7
-8
-22
-27
-17
1
9
-17
14
4
-24
11
5
-4
9
10
-87
24
-20
-7
-9
-2
2
-23
12
0
13
44
9
-11
-11
-5
-1
12
4
-6
3
-2
4
-8
-1
1
3
3
1
28
0
3
-6
-10
14
-6
-16
4
15
0
2
-9
-11
-5
17
0
38
-14
-7
0
-9
-5
5
9
-38
7
-6
9
-2
-30
-29
7
-4
3
-24
11
3
-2
-4
12
-18
11
3
-11
8
-13
-3
1
-2
8
4
-6
8
-1
-7
-14
7
-2
0
6
15
9
-2
0
-3
-11
7
11
2
15
-1
-1
2
5
0
-8
-16
0
-7
32
-20
-13
-10
-5
38
2
16
-4
-1
-23
-6
-39
2
7
-11
-8
-16
11
0
-5
-5
4
1
-34
2
17
-19
17
-29
-18
-3
-11
3
11
-8
0
0
9
-14
18
-16
-2
7
0
4
26
-26
-18
-28
1
-3
-9
-2
4
1
5
-16
-22
-15
-12
-4
-7
8
1
19
-9
-2
6
-15
-17
16
7
-6
6
-18
-17
2
-1
-4
28
5
-17
2
-7
-8
1
-2
-1
-15
0
-18
-3
17
-8
9
-2
4
-1
-4
-25
35
0
12
6
2
5
9
2
-8
-18
20
9
-5
-2
-4
-33
3
-28
-5
0
-2
-3
6
-11
31
-11
-5
-9
-2
-1
4
-7
-9
-2
2
-12
-4
-14
-9
-6
17
-13
7
0
-2
-23
23
-7
9
15
Broadcasting 5.20609 MB in 208662 rounds, taking 119.478 seconds
Partial broadcasting 2361.19 MB in 226216 rounds, taking 202.82 seconds
Sending/receiving 2167.58 MB in 140286 rounds, taking 102.385 seconds
	638 triples of Shamir gf2n_long left
	828 bits of Shamir gf2n_long left
Data sent = 6900.37 MB in ~575164 rounds (party 0 only)
Global data sent = 20701.1 MB (all parties)
Data sent in online phase = 6900.37 MB (this party only)
Time = 457.808 seconds
----------------------------------------
