Running with n=4 and lambd=40
========================================
Default bit length for compilation: 64
Compiling: test-sampling-main from compile_func
p: 0.76010308892274921869908784735031855392685616901889
0.76010308892183972399731491911240351486435616901889
k2 25.194152912327868103220870421403937652458488475847
m: 35
c: 28
acc: 50
k: 9
49035
WARNING: Order of memory instructions not preserved, errors possible
Writing to Programs/Schedules/test-sampling-main.sch
Writing to Programs/Bytecode/test-sampling-main-0.bc
Hash: 6e69465a6ac343b79c519baab42ba5bed596cb14d56b7cf137099efe448d96be
Program requires at most:
       49035 bit inputs from player 0
       49035 bit inputs from player 1
       49035 bit inputs from player 2
       63875 bit triples
         105 bit mixeds
      100941 virtual machine rounds
Using statistical security parameter 40
1, 1
1, -7
1, 30
1, 35
1, -8
1, -43
1, -64
0, 128
1, 25
0, -13
1, 58
0, -13
0, 129
1, -24
1, -105
1, 20
1, -31
1, 74
1, 5
0, -3
0, 117
0, -228
0, 15
1, 128
1, -31
0, 152
0, 9
0, -147
1, 7
0, 73
0, -130
1, 8
1, 8
1, -21
0, 2
Broadcasting 2.4569 MB in 100084 rounds, taking 2.2268 seconds
Partial broadcasting 79.2478 MB in 101242 rounds, taking 2.30959 seconds
Sending/receiving 71.0628 MB in 51402 rounds, taking 1.18809 seconds
	520 triples of Shamir gf2n_long left
	125 bits of Shamir gf2n_long left
Data sent = 234.472 MB in ~252728 rounds (party 0 only)
Global data sent = 703.4 MB (all parties)
Data sent in online phase = 234.472 MB (this party only)
Time = 7.02166 seconds
----------------------------------------
Running with n=1024 and lambd=40
========================================
Default bit length for compilation: 64
Compiling: test-sampling-main from compile_func
p: 0.76010308892274921869908784735031855392685616901889
0.76010308892183972399731491911240351486435616901889
k2 25.194152912327868103220870421403937652458488475847
m: 1545
c: 28
acc: 58
k: 9
2510625
WARNING: Order of memory instructions not preserved, errors possible
Writing to Programs/Schedules/test-sampling-main.sch
Writing to Programs/Bytecode/test-sampling-main-0.bc
Hash: ef4c6b9a818d341cf3f309df1054eb0d1dea41ed073017af83c1b18f6b1c33ad
Program requires at most:
     2510625 bit inputs from player 0
     2510625 bit inputs from player 1
     2510625 bit inputs from player 2
     3165705 bit triples
        4635 bit mixeds
     5147941 virtual machine rounds
Using statistical security parameter 40
1, 4
1, -24
1, 39
0, 20
1, -69
1, -49
1, -37
1, 37
1, 11
0, -253
0, -82
1, 53
1, -52
1, 17
1, 66
1, -52
1, 25
1, 11
0, 1
1, -10
1, 31
1, -13
1, 60
1, -26
0, -249
1, 17
1, -5
0, -128
1, -19
0, 108
1, -30
1, -55
0, 15
0, -219
1, -24
1, 9
1, 12
1, -68
0, -143
1, 52
1, -86
1, 114
1, 1
0, -3
1, 10
1, -86
1, -78
1, 27
1, -90
1, 19
1, 39
0, 100
1, 8
1, -19
1, -27
1, -23
1, 11
1, 35
1, 26
0, -228
1, -11
0, 127
1, 66
0, -36
1, -14
0, -4
1, -37
1, -28
1, 4
1, 156
0, -10
0, 4
1, 76
1, -16
1, -21
1, 65
1, -4
1, -45
1, 4
1, 22
1, -15
1, 22
0, 118
1, 26
1, 25
1, 16
0, -4
1, 13
1, 20
1, -9
1, 24
0, 33
1, -2
1, 6
1, -72
0, 207
1, 90
0, -163
1, -22
1, 25
1, 8
1, 94
0, 86
1, 16
1, 5
1, 6
1, -2
1, -36
0, 175
1, -39
1, 15
1, -20
1, -68
0, 23
1, -9
1, -44
0, 4
0, -3
1, 2
1, 75
1, -50
1, -46
1, 26
1, -30
1, 117
1, 39
0, 185
0, -100
0, -12
0, -109
0, -174
1, 7
1, -29
1, -18
0, -80
1, -101
1, -62
1, 28
1, -18
1, -2
0, 5
0, -5
1, -12
1, 37
1, 15
1, -19
0, -7
1, -28
1, -94
1, -29
1, 0
1, -21
1, -13
1, -86
1, 18
0, -7
1, 1
0, 17
1, 35
1, -38
0, 1
0, -1
1, -2
0, -111
0, -7
1, -106
1, -55
1, -2
0, 105
1, 33
1, -16
1, 7
1, 21
1, 36
1, -24
0, 6
1, -10
1, -82
1, -63
0, 21
1, 54
1, 24
0, 95
1, 10
1, -75
1, -66
0, -112
0, 10
1, 80
0, -2
1, -3
1, 23
1, -33
0, 2
1, 54
1, -121
1, -38
1, -34
0, -4
1, -56
0, 227
1, 22
1, -42
1, 38
1, -91
1, 76
1, 72
1, 43
1, 57
1, -19
1, 57
0, -18
1, 24
1, 31
1, -1
1, 29
1, 52
1, -44
1, 1
1, -68
1, 73
1, -33
1, -13
1, 32
1, 135
1, 2
1, 82
0, -128
1, -2
1, 90
1, -49
1, 34
1, -57
0, 11
1, -22
0, 4
0, 21
0, 0
0, -6
0, -1
1, 15
0, -17
1, 70
1, 32
1, -36
0, 8
0, -137
1, 2
0, 107
0, -195
1, -9
1, 43
0, 120
0, 89
0, -98
1, 47
1, 38
1, -58
1, -35
1, -17
1, -2
1, 42
1, -9
0, -110
1, -30
0, -168
1, 6
1, -29
1, 14
0, 5
0, -95
0, -14
1, 31
1, -101
1, 60
0, 18
1, -11
1, 9
0, 2
1, 29
1, 27
1, 74
0, -101
1, 0
1, -66
1, -38
1, -46
1, 25
1, -99
0, 4
1, -10
1, -94
1, 12
1, 60
1, 16
1, -89
1, 12
1, 56
1, -146
1, -49
0, 98
1, -65
0, 9
1, 14
1, -102
1, -31
1, 21
1, -21
1, 45
1, -96
0, 85
1, -64
1, 59
1, -9
1, -83
1, -53
1, 40
1, 3
1, 84
1, 18
1, 11
1, -45
1, -12
1, -49
1, 61
0, -5
0, 128
1, -26
0, -1
1, 45
1, 18
0, -34
1, 4
1, 50
1, 48
1, 109
1, 45
1, 101
0, -62
1, -102
1, -11
1, -11
1, 50
1, 27
1, 5
1, 7
1, 32
0, -68
0, 115
1, -90
1, 48
1, -21
1, 22
1, 2
1, -3
0, 5
1, 41
1, 10
0, -3
1, 54
1, -2
1, -3
0, -93
1, -80
1, 4
1, 6
1, 8
1, 11
1, -9
0, -98
1, -2
1, -3
1, 0
1, -4
1, -23
1, -21
0, 0
1, 9
1, -51
0, -96
1, 46
1, 67
1, -53
0, -133
1, 25
1, 26
1, 150
1, -10
1, 4
0, -18
1, -58
1, -3
1, 31
1, 55
1, 71
1, -72
1, 21
0, -6
0, -6
1, -9
1, 80
1, -36
1, -31
0, -18
1, -17
1, -7
0, 3
1, 71
1, -14
1, 5
1, -30
1, 69
1, 0
1, -56
1, -5
1, -61
1, -14
1, 80
1, 43
0, -153
1, 9
1, -27
1, -32
0, -132
1, -38
0, -169
1, 95
0, -7
1, -84
0, -2
1, -11
1, 56
1, 44
0, 9
1, -39
1, -44
1, -51
1, -28
1, -40
0, -317
1, 11
1, 24
1, -45
1, 32
1, -36
1, -23
1, 37
0, 3
1, -33
0, 14
1, -23
1, -31
1, 42
1, 22
0, -96
1, -121
1, -127
1, -33
1, -58
0, 201
1, 15
1, -74
1, 84
0, -4
1, 8
0, -4
1, 8
1, 1
0, 13
1, 1
0, 83
1, 54
1, 32
0, 102
1, 68
1, 45
1, -5
1, 75
1, -66
1, -99
0, 0
1, -8
0, -179
1, -25
1, -38
1, 10
1, -10
1, 85
1, -32
1, 17
1, 13
1, 17
1, -29
1, 29
1, 30
1, 33
1, -34
0, 97
1, -9
1, -11
0, 21
1, -34
0, -70
1, 72
1, -16
1, 38
1, 19
1, -12
1, 12
1, -37
1, -61
1, 3
0, -150
1, -55
1, 8
1, -35
1, 5
0, -2
0, 3
1, -13
1, 14
0, 80
0, 106
1, 19
1, -9
1, -16
1, 19
1, 91
1, 18
0, 0
0, 126
1, 63
1, -18
1, 59
1, 42
1, -30
1, 92
1, 8
1, 25
1, 9
1, 3
1, -18
1, 35
1, -113
1, -22
1, 107
1, 121
1, -34
1, 16
1, -31
1, 25
1, 1
1, 36
1, -26
0, 140
1, 59
1, -3
0, 71
0, 87
1, -29
0, 6
0, -90
1, 13
0, -214
0, 94
1, -14
1, -25
1, 15
0, -7
1, 10
1, -34
1, -8
1, -18
1, 0
1, -67
0, -102
1, 32
1, 34
1, -73
1, -90
1, -46
1, 27
1, 36
1, 9
0, -7
1, -14
1, 51
1, -31
1, 18
1, -35
0, -164
0, 7
1, -66
1, -87
1, -158
1, 43
0, -22
1, -52
1, -96
1, 5
1, 34
1, -16
1, 9
0, -11
1, -38
0, 159
1, -20
1, 80
1, -122
1, 5
0, -7
1, -24
1, 52
1, -29
1, 16
1, 43
0, -177
1, 14
1, 56
1, -2
1, 44
0, 131
0, -178
1, 72
0, -22
0, -1
1, 35
0, -129
1, -32
1, 20
0, -374
1, 38
1, 89
1, -58
1, 53
1, -15
0, -7
1, -39
1, -2
1, 12
1, 5
1, 50
1, -30
1, -61
1, -16
1, 77
0, -4
1, -44
1, -9
0, 113
1, 76
0, 127
0, 3
1, -1
1, -59
1, -69
0, -15
0, -22
1, -90
0, -42
1, 5
1, -46
1, 66
1, 55
1, 2
1, 26
1, 38
1, 7
1, -37
0, 0
1, 3
0, 25
1, -10
1, -66
0, -249
1, 21
1, 42
1, 2
1, 26
1, -32
1, 34
1, 82
0, 0
1, 4
1, 36
0, 264
1, -11
1, 63
1, -65
0, 0
1, 17
1, 33
1, 0
1, 14
0, -140
0, 177
1, -45
1, 108
1, 15
1, -25
1, -28
1, -47
1, -62
1, 8
1, -6
1, 45
0, -12
1, -58
1, 8
1, 56
1, -38
0, -81
1, 5
0, -10
0, -179
1, 25
1, -20
0, 112
1, -4
1, 47
1, -53
1, -41
1, -86
1, 126
1, -48
1, -102
1, 6
1, 1
0, 291
1, -48
1, 34
1, -21
1, 22
0, 37
0, 119
1, -39
1, -14
1, 26
1, -77
1, 33
0, -3
1, 27
0, 154
0, -1
1, -69
1, -17
1, 19
1, 55
0, -7
1, -1
0, 152
1, 36
1, -17
1, 35
1, -4
1, -8
1, 81
1, -57
1, -13
0, 87
0, 120
0, 5
1, -31
1, -32
1, -46
0, -28
0, 142
1, -5
0, -9
1, 26
0, 106
1, -34
1, 84
0, -128
1, -47
1, 7
0, -109
1, -66
1, -25
1, -84
1, -39
1, -3
1, -66
0, 173
0, -132
1, 7
1, 17
1, 48
1, -51
1, 114
1, -36
1, -1
1, -79
0, 228
1, -25
0, 260
1, 72
1, 39
1, 100
1, -27
0, 311
0, -133
1, 38
1, -33
1, -74
1, 40
1, 9
1, 6
1, -2
1, -31
0, -119
0, 177
1, 5
1, 18
0, 3
0, -8
1, 52
1, 60
0, -201
1, 92
1, -132
1, 35
0, 8
1, 43
0, -152
1, -74
1, -8
1, -14
1, -27
1, 89
1, 34
0, -5
1, -42
1, 23
1, -93
1, 41
1, -14
1, 46
1, -77
1, 64
1, 61
0, -10
1, -24
0, 2
1, -114
1, -36
1, 52
1, 27
1, -75
0, 132
1, -35
1, -3
1, 42
1, -75
1, -17
1, 9
1, -82
1, 17
1, -77
1, 25
1, -9
1, 16
1, 59
1, -75
1, 55
0, 143
1, 45
1, -43
1, 12
1, 16
1, -56
0, -16
1, -88
0, 173
1, 0
1, -4
0, 4
1, -20
0, -195
1, 24
1, -51
0, 23
1, -30
1, -37
1, 69
1, 35
1, 35
1, -39
1, 101
1, 28
1, 46
1, 115
0, -89
1, 98
1, -40
0, 1
1, -39
1, 67
1, 23
1, -71
1, 3
1, 1
0, 3
1, -107
1, -38
1, 81
1, 9
1, 1
1, 28
1, 27
1, 38
1, 46
1, -92
1, 21
1, -73
0, -3
1, -20
1, 70
1, 38
0, 232
1, -14
1, 5
1, 40
1, -21
1, -48
1, 24
0, -189
0, 2
0, -19
1, 30
1, -11
1, -22
0, -8
1, 9
0, -122
1, 101
1, -61
1, -38
0, 7
1, 36
1, 17
0, -9
1, 0
1, 61
0, 10
0, 26
1, 30
1, 35
1, 3
1, -82
1, 19
0, 134
1, -30
1, 50
1, 63
1, 41
1, 117
1, -32
0, 38
1, -22
1, -132
1, 45
0, 14
0, 112
1, -12
0, -137
1, -23
1, -8
0, -95
1, -12
1, -23
0, -24
1, -7
1, 114
0, 17
1, -29
1, 69
1, -4
1, -56
1, -5
0, 4
1, -59
0, 2
1, 63
1, 51
0, -7
1, -46
0, -8
0, 1
1, 39
1, -67
0, 114
1, -49
0, 4
1, -34
0, 10
1, -21
1, -59
0, 163
1, 52
0, -67
0, 7
1, 54
1, 68
0, -6
1, 2
1, 0
1, 15
0, 71
1, -34
0, -138
1, -64
1, 47
1, 15
1, 4
1, -45
0, -11
1, -15
0, 90
0, 17
1, 112
1, -64
1, 39
1, 40
1, -35
1, 16
0, -14
0, -183
1, -40
1, 18
1, 27
1, 91
1, 31
0, -131
1, 70
1, 5
0, -10
1, -10
1, 54
1, -13
1, -60
1, -30
1, 94
1, -3
0, 120
1, -26
1, 22
1, -120
1, 45
1, -16
0, 127
1, 63
1, -82
1, -5
1, -27
1, 37
1, -10
1, -21
1, 63
0, -123
1, -27
1, -41
1, -54
0, 154
1, -15
1, -74
1, -26
1, -28
1, 88
1, -44
1, 33
0, 3
1, -48
0, 10
1, 45
1, 31
1, 21
1, -21
0, -114
1, 69
1, -14
0, -109
0, -118
1, -25
1, 35
0, 3
1, -68
1, -8
1, -38
0, 114
1, -45
1, 16
1, -22
1, -116
1, -17
0, 33
1, 22
0, -132
1, -9
1, -53
1, 81
1, 56
1, -19
1, 6
0, 8
1, 29
1, -32
1, -9
0, -2
1, -67
1, 2
0, 147
1, -33
0, 73
1, -85
0, -13
0, 10
1, 56
1, 5
1, 31
1, 17
1, -20
1, -35
1, -66
1, -59
1, 114
1, -19
1, 3
0, -160
1, -56
1, -15
1, 34
0, 86
1, 1
1, 34
1, 64
1, 42
0, 114
1, 20
1, 25
0, -120
0, 141
1, 51
1, 42
1, -72
1, 63
1, -27
1, 8
1, 5
1, -3
1, -46
1, -24
1, 7
1, -28
1, 18
1, -78
0, -70
1, 85
1, -95
1, -90
0, 166
0, 12
1, -8
1, 48
0, 125
0, -28
1, -49
1, 28
1, 65
0, 0
1, -68
1, 36
1, 3
1, 38
1, 45
1, 64
0, -8
1, 8
1, -52
1, -22
0, -11
1, 51
1, -4
0, -212
1, 57
1, 52
1, 26
1, -21
1, -36
1, 92
1, 11
1, 8
1, -54
1, 45
1, 21
1, 17
0, 121
1, 21
0, 182
1, 18
0, 7
0, -5
1, -58
1, 39
1, -56
1, 2
1, 91
1, -39
0, 1
1, -6
0, -6
1, -62
1, -42
0, 7
1, -67
1, -41
1, 1
1, 51
1, 5
1, -39
1, -1
1, -25
1, -47
1, 83
1, 67
0, -129
0, 11
1, -20
1, -73
1, 26
1, 41
1, 37
1, 47
1, -9
1, 102
1, -22
1, -12
0, 15
1, -20
0, 19
0, 147
1, 67
1, -15
1, 47
1, -70
1, 19
1, 24
1, 34
1, 135
0, 120
1, -5
1, 61
1, 11
1, 52
1, -23
1, 3
1, 17
1, 24
1, -48
1, 20
1, -63
1, 12
1, -101
0, -62
1, -4
1, -105
1, 45
1, 6
1, 93
1, -34
1, -17
0, 12
1, -78
1, 19
1, 59
0, -1
1, 10
1, 44
0, -152
1, -58
0, 9
1, -41
1, 24
1, 55
0, -5
1, -40
1, 38
0, -29
0, -212
1, 26
0, -200
0, -243
1, 40
1, -17
1, 40
1, 6
1, 76
0, -19
0, -22
1, 40
1, 49
0, -111
1, 59
1, -47
1, 47
1, 17
1, 15
1, -102
0, -15
1, -41
0, -180
1, -38
1, -52
0, -4
1, 49
1, -23
1, -17
1, -113
1, -52
1, 15
1, 0
1, -25
1, -75
0, 1
1, 19
1, -51
0, 159
1, 15
0, 0
1, 73
0, 27
1, 87
1, 36
0, -12
1, 40
1, -29
1, 36
1, 1
1, -7
1, 31
0, -120
0, 100
1, -57
1, 59
1, 19
1, -42
1, 51
0, -7
1, -99
1, 22
1, 0
0, -120
1, 42
1, -79
1, 24
1, 4
1, 68
1, 27
1, 22
1, 37
1, 21
1, 36
1, -10
1, 7
1, 78
1, -55
1, 27
1, -83
0, -29
0, -70
1, 4
1, -31
0, 64
1, -47
0, -179
1, -43
1, -31
1, -68
1, 4
0, 27
1, 22
1, 103
0, -11
1, -19
1, 66
0, -102
1, 27
0, 146
1, 4
0, 8
1, -48
0, 97
1, 36
0, -15
1, -90
0, 12
1, 3
1, -35
0, 61
1, 3
1, 31
1, -69
1, 50
1, -44
1, -53
1, -85
0, 15
1, -43
0, -19
0, -11
1, 74
0, 9
1, 7
1, 1
1, 10
1, -89
1, -74
1, -42
1, 12
1, -34
0, -187
0, -102
1, 103
1, -38
1, 57
1, -53
0, -3
1, 4
1, -10
1, 63
0, 110
1, 24
1, 34
1, 10
0, 16
1, -74
1, -43
0, 4
0, 190
1, 8
1, 44
1, -99
0, -2
0, -110
0, -8
1, -58
1, -73
1, 58
1, 0
1, -4
0, 153
1, -111
0, 101
1, -35
1, -37
1, -7
1, 78
1, 30
1, 37
0, -160
1, -102
1, 26
0, -96
1, 50
1, -9
0, -195
1, 51
1, 16
1, -28
1, -58
0, 4
0, 121
1, 31
1, -14
1, 38
1, 79
1, 29
1, 21
1, 20
1, -50
1, -33
1, -38
1, -11
1, 101
1, -71
1, -30
1, -55
1, -17
0, -142
1, -3
1, 29
0, 75
0, -6
1, -19
0, 3
1, 11
1, -51
1, -75
0, -8
1, -31
1, -65
1, 65
1, 39
1, 3
1, 25
1, -39
0, -170
1, 10
1, 8
1, -5
1, -3
0, 109
1, -121
0, -84
1, -74
1, -38
1, -36
1, 60
0, 177
1, 69
0, 208
1, -63
1, -12
0, 102
1, 30
1, 55
1, 64
1, 34
1, -8
1, -89
1, -77
1, 28
1, 7
1, -122
1, -79
1, 96
1, -27
1, -21
1, 55
1, 28
0, 20
1, -61
1, 41
1, 28
0, 27
Broadcasting 125.717 MB in 5121866 rounds, taking 115.61 seconds
Partial broadcasting 3945.87 MB in 5177111 rounds, taking 119.722 seconds
Sending/receiving 3534.87 MB in 2628195 rounds, taking 62.4255 seconds
	960 triples of Shamir gf2n_long left
	295 bits of Shamir gf2n_long left
Data sent = 11678 MB in ~12927172 rounds (party 0 only)
Global data sent = 35034.1 MB (all parties)
Data sent in online phase = 11678 MB (this party only)
Time = 363.193 seconds
----------------------------------------
