Running with n=4 and lambd=40
========================================
Default bit length for compilation: 64
Compiling: test-sampling-main from compile_func
p: 0.75654411568219055084096599171753477132466869073355
0.75654411568128105613919306347961973226216869073355
k2 25.431749684906523923812112727441941991369190264914
m: 36
c: 19
acc: 50
k: 6
34236
WARNING: Order of memory instructions not preserved, errors possible
Writing to Programs/Schedules/test-sampling-main.sch
Writing to Programs/Bytecode/test-sampling-main-0.bc
Hash: 0b40e9cb8e69f2e1a9b9b6d2e5d6d0d2e04f176319686275e3ab3e95b9cea3aa
Program requires at most:
       34236 bit inputs from player 0
       34236 bit inputs from player 1
       34236 bit inputs from player 2
       42120 bit triples
         108 bit mixeds
       70417 virtual machine rounds
Using statistical security parameter 40
1, -6
1, -5
0, -16
1, -1
1, -1
1, -2
1, 0
1, 3
1, -4
0, 18
1, 3
1, 4
0, 0
1, 1
0, -13
0, -12
1, -2
1, 9
1, -5
1, 1
1, -3
0, -3
1, 1
1, -1
1, -2
1, 2
1, 0
0, 21
1, 8
0, -2
1, 2
1, 1
1, 1
1, 8
1, -7
0, -10
Broadcasting 1.67756 MB in 68400 rounds, taking 1.52644 seconds
Sending to all 9.73555 MB in 34705 rounds, taking 1.01218 seconds
Sending/receiving 20.183 MB in 103878 rounds, taking 2.18854 seconds
	880 bits of Shamir gf2n_long left
Data sent = 43.0092 MB in ~206983 rounds (party 0 only)
Global data sent = 99.805 MB (all parties)
Data sent in online phase = 43.0092 MB (this party only)
Time = 5.08695 seconds
----------------------------------------
Running with n=1024 and lambd=40
========================================
Default bit length for compilation: 64
Compiling: test-sampling-main from compile_func
p: 0.75654411568219055084096599171753477132466869073355
0.75654411568128105613919306347961973226216869073355
k2 25.431749684906523923812112727441941991369190264914
m: 1553
c: 19
acc: 58
k: 6
1712959
WARNING: Order of memory instructions not preserved, errors possible
Writing to Programs/Schedules/test-sampling-main.sch
Writing to Programs/Bytecode/test-sampling-main-0.bc
Hash: 6760b60b21d27f078fdd54f423d0b31002a89f2bdf2168bc2246b7581527df46
Program requires at most:
     1712959 bit inputs from player 0
     1712959 bit inputs from player 1
     1712959 bit inputs from player 2
     2053066 bit triples
        4659 bit mixeds
     3509781 virtual machine rounds
Using statistical security parameter 40
0, -8
1, -7
0, 1
1, -7
1, 0
0, -24
1, -4
0, 12
1, -2
1, -2
1, 0
1, -7
1, -2
1, -7
1, 7
1, 2
0, -14
1, -2
1, -1
1, -2
0, -1
1, -5
1, -6
1, -13
1, -7
1, 1
1, 2
1, 3
1, 0
1, -5
1, 9
1, -6
1, 2
1, 0
1, -3
1, 0
1, -4
1, -6
1, -6
1, 3
1, 1
1, 7
1, 0
1, 1
1, 1
1, -1
1, 5
0, 3
0, -1
1, 1
1, -6
1, -5
0, 10
1, 1
0, -24
1, 0
0, -13
0, 2
1, 8
1, 3
0, -14
1, 1
0, 1
1, -3
1, -6
1, -6
1, -4
1, 1
0, 0
1, -17
0, 0
1, 0
1, -3
1, -7
0, -7
1, -1
1, 5
1, 2
1, 0
1, -12
1, -5
0, -19
1, 1
0, 0
1, 0
1, 3
1, -6
1, -2
0, 1
1, 4
0, 15
0, -20
1, -2
1, 6
1, -2
0, 1
1, 1
1, 0
1, -4
1, 4
0, 0
1, 4
0, 1
1, -6
0, 16
1, 0
0, 17
1, -3
1, -1
1, 2
1, 0
0, -1
1, -4
0, -10
1, -3
0, -10
1, -9
1, -6
1, -1
0, -1
1, 6
1, -4
1, -4
0, 1
1, -6
1, -6
1, 4
0, 0
1, -7
1, 0
1, 5
0, -34
1, -5
1, 4
1, -5
1, -4
1, 6
1, -2
1, 7
1, -3
0, 10
0, 6
1, 0
0, 3
1, -1
1, -2
1, 2
1, 1
1, -5
1, -12
1, 4
1, 1
1, -8
1, 0
1, -1
1, -3
1, 3
1, -7
1, -5
1, -2
1, -6
1, 11
1, -3
0, 1
1, -1
1, 1
0, -13
1, -5
0, -2
0, 0
0, 0
1, 0
1, -1
0, -2
1, 8
0, -1
1, -3
1, 1
1, -8
1, -3
1, -2
1, 6
0, -16
1, 6
1, 3
1, -1
1, 1
0, -2
1, 1
1, 2
1, 4
1, 6
1, 5
1, 3
1, -5
1, -1
1, 7
1, -1
1, -3
1, 0
0, 1
1, -10
0, -12
1, -10
1, 1
0, -2
1, 2
1, -4
1, 4
0, 20
1, -2
1, 3
1, -2
1, 7
1, -3
1, 7
1, -6
1, 14
1, 3
1, 1
0, 0
0, 7
1, -4
1, 1
1, 5
1, 1
1, 1
1, -7
1, 3
1, 1
1, 3
1, -2
0, 9
1, 2
0, -2
0, 0
1, -2
0, 17
1, 1
1, -2
1, 6
0, 2
1, 1
1, 4
1, -11
1, 3
1, 11
0, 10
1, 4
1, 10
1, 1
1, 7
0, 0
0, 13
0, -1
1, -12
1, -1
0, 2
1, 5
1, -4
0, 17
0, -1
1, 5
1, 1
0, 10
1, 3
1, 3
1, 0
0, -12
0, 1
1, 1
1, -1
1, 2
1, 5
1, -4
0, 8
1, -1
1, 0
1, 6
1, -2
1, 6
0, 13
1, 2
1, 0
1, 2
1, 5
1, 8
1, 1
1, -5
0, 0
1, -5
0, 1
0, -20
0, 2
1, 1
1, 3
0, 17
0, 0
0, -13
0, 15
1, 2
1, -6
1, -2
1, -3
1, -3
1, -6
1, -2
1, 9
1, 1
1, 4
1, 3
1, -6
1, -2
1, 6
0, -15
1, 2
0, 15
0, 9
0, 1
1, -15
1, -7
0, -12
1, -2
0, 3
0, 0
1, 3
1, 4
1, 3
1, -4
1, 5
1, 2
1, -3
1, -5
1, -4
1, 2
1, 2
1, -8
1, 1
1, 3
1, 2
1, 2
0, -1
1, -5
1, -1
1, 2
1, -2
1, 0
1, -11
1, -3
1, 0
0, -8
1, 2
0, 2
1, -6
0, 8
1, 0
1, 1
1, -3
0, -1
0, 0
1, -6
1, -4
1, 1
1, 4
1, 3
1, -3
1, -4
1, 5
1, 4
1, 8
1, 3
0, -3
1, -1
1, -7
1, 1
1, -4
1, 1
1, -5
1, 1
1, 5
0, 1
1, -1
1, 0
1, -8
0, -1
1, -5
0, -12
0, 15
1, -1
1, -3
1, 6
1, 7
0, -14
0, -18
1, 1
1, -2
0, 2
1, 1
1, 0
1, 6
0, 14
1, -15
0, 12
1, 0
1, -1
1, 0
0, 12
1, 6
0, 0
0, 18
0, 1
1, 1
0, -16
0, 9
1, 2
1, 1
1, -5
1, 3
0, 8
0, 0
0, -1
1, -7
1, -3
1, -7
1, -3
1, 0
1, -5
1, 6
0, 3
1, -10
1, -10
1, -15
0, -14
0, 1
1, -7
0, -2
1, -5
1, -5
1, -8
1, 5
1, 4
1, -6
1, 9
1, 2
1, -6
1, 1
1, -6
1, -9
1, -2
1, 0
1, -3
0, 0
1, 4
1, -2
1, 1
1, 7
1, -1
1, -1
1, 1
1, -2
1, -3
1, -2
1, -6
1, 2
1, 5
1, -3
1, 1
1, -5
1, -4
1, 1
1, -1
1, 2
0, 1
0, 2
0, -9
1, 5
0, -2
1, -10
0, 1
1, 3
1, -3
1, -8
0, -4
1, -2
1, 3
0, -1
1, 9
1, -11
1, 1
1, -4
1, 2
1, -1
1, 6
0, -2
0, 7
1, -7
1, 6
1, 8
0, 25
0, -21
1, 4
1, -4
0, -1
1, -16
1, -3
1, -8
1, -9
1, -5
1, 1
1, 7
1, 7
0, 0
1, 5
1, -1
1, -1
1, 2
0, -18
0, -10
1, 0
1, -1
1, 10
1, 6
1, 2
1, 8
1, -3
1, -1
1, 3
1, 0
1, 0
1, 1
1, 0
0, 13
0, 7
1, 10
0, -1
1, -5
1, -3
1, 6
1, 1
1, 1
1, -5
1, -1
0, -20
1, -4
1, -10
1, -1
0, 2
0, 1
0, -1
0, 15
0, 0
0, 15
1, 4
1, -9
1, -9
1, 3
1, 6
0, 21
0, 0
1, -2
1, 2
0, -13
1, -1
1, -3
0, 11
1, -3
1, 7
1, 2
1, -6
1, -2
0, -18
1, -1
1, -3
1, 8
0, 2
1, 3
1, 7
1, 5
1, -1
1, -10
1, -3
1, 10
1, 0
1, -6
1, -3
1, -2
1, -1
0, 12
1, -6
0, -2
1, -8
1, -2
1, -4
0, -1
1, -7
0, 3
1, -1
1, 4
1, 1
1, -7
0, 1
1, 4
1, 7
0, 14
1, 1
1, -2
0, -10
1, -11
0, 13
0, -28
1, -6
0, 8
1, -4
0, -9
1, -3
0, 8
1, -3
0, 0
1, -2
1, -3
1, -4
1, 3
1, 8
0, 7
1, 7
0, -19
1, -1
1, -2
1, -5
1, -5
1, 3
1, -3
1, 7
0, -27
1, 4
1, 0
1, -5
0, -1
1, 5
1, 7
0, -9
1, -4
1, -2
1, -3
1, 4
1, 1
0, -14
1, 1
0, 11
1, -1
1, -5
1, 2
1, -2
0, -8
1, 8
1, -11
1, 0
1, 5
1, -1
1, 4
0, 14
1, 5
1, -1
1, 1
1, -2
1, 2
1, 0
0, 0
1, 4
0, 0
1, 2
1, 0
1, 3
0, 9
1, -3
1, -7
1, -3
1, 1
1, 1
1, 5
1, 0
1, -6
1, -6
1, 13
1, 6
0, 11
1, 0
1, 11
0, -1
1, 4
0, -2
1, 11
1, 1
1, 1
1, -8
1, -7
1, 3
0, -23
0, -16
1, 2
1, 2
1, -4
0, 12
1, 7
1, 0
1, 1
1, 11
0, 3
1, -2
1, 7
0, -15
1, -3
1, 0
0, 0
0, 9
1, 4
1, -2
1, -1
1, -4
0, 13
1, -1
1, 0
1, -1
1, -7
1, -1
1, -1
0, 1
1, 2
1, 3
1, 7
1, 9
1, -8
1, -6
0, -1
0, -3
1, 10
1, -5
1, 4
1, 7
1, 9
1, 0
0, 0
1, -2
1, 0
1, 4
0, 0
0, -1
1, -4
1, -8
1, -1
1, -2
1, 1
1, 2
0, -12
1, 0
1, 3
1, -3
1, -3
1, 0
0, -18
1, -6
1, -6
0, -13
0, 10
1, -6
1, 0
1, -3
0, -1
1, 3
1, -2
0, 0
1, 6
1, -3
1, 5
0, 7
1, 7
1, -7
1, 4
0, 1
1, -4
1, -4
0, -12
1, 2
1, 2
0, -7
1, 3
1, 6
1, -11
1, -1
1, -6
1, -3
0, -1
0, -9
1, -6
1, -4
1, 5
1, 5
0, 12
1, 3
1, -7
0, 11
0, 7
1, 0
1, -7
0, -14
0, -11
1, 6
0, 14
1, 4
1, -8
0, 0
1, -1
1, -8
1, -2
0, 3
1, -4
1, 2
0, 2
1, -5
1, -2
1, -1
1, 1
1, 8
0, 3
1, 10
1, -2
0, 0
1, 1
0, -8
1, -2
1, -2
0, 3
0, -13
0, 9
0, 11
1, 1
0, 0
1, 0
1, -5
1, 2
1, 4
1, -2
0, 3
1, 0
1, 1
1, -4
1, 1
1, 10
1, 1
1, 1
1, 2
1, 1
1, 10
1, -2
1, 0
1, -9
1, -7
1, 5
1, 7
1, -9
1, 6
1, 2
1, -2
1, 1
1, -5
0, 0
0, -13
1, -7
1, -2
0, 11
1, 5
1, -3
1, -6
1, 3
0, 8
1, 4
0, 16
1, 7
1, -5
1, 7
1, 0
1, 2
1, 0
0, 0
1, 1
1, 1
1, 6
0, -13
1, -1
1, -5
1, -6
1, 4
0, 0
1, -5
1, 1
1, -5
1, 0
1, -2
1, -4
1, -5
1, 2
1, 2
1, -4
1, -1
1, -5
0, -1
1, -9
1, -7
1, 10
1, 2
1, -1
1, 3
1, 3
1, -3
1, 5
0, 0
1, 3
1, -4
1, -4
1, 1
1, 0
1, 6
1, 2
1, 9
1, 0
1, 2
1, 6
1, 8
1, -8
1, 1
1, -3
1, -4
1, -2
1, 9
1, 4
0, 1
1, 3
1, 1
0, 0
1, 1
1, -5
1, -8
1, 1
1, 1
1, -4
1, 3
1, -7
1, 2
1, 1
1, 0
1, 8
0, -3
1, -1
1, 0
1, 0
1, 0
1, 0
1, -6
1, 3
1, 3
1, -2
1, 4
0, -1
1, -3
1, 6
0, 22
1, 5
1, 11
0, 1
1, 2
1, -2
1, -2
1, 5
1, -6
1, 0
1, 11
1, -8
1, 5
1, -3
0, -1
1, 2
1, -3
1, -9
0, 1
1, 1
1, 10
1, 10
1, -12
1, -2
1, 3
0, -12
1, -7
0, 11
1, -8
1, 1
1, -6
1, -6
0, -25
1, -2
1, -3
1, 10
0, -1
1, 2
1, 6
1, -7
1, 12
1, -9
0, 21
1, 7
0, 1
1, 0
1, -3
1, -3
0, 0
0, -1
1, 0
1, -5
1, 5
1, 10
1, -2
0, 2
1, 4
1, -1
1, -1
1, -6
1, 6
1, 3
1, -1
1, 3
1, -1
1, 10
1, 8
1, -4
1, 3
1, 0
1, -5
1, -1
1, 0
1, 3
1, -2
1, -2
1, 5
1, -6
1, 10
0, 0
1, -3
0, -1
1, 0
1, 6
1, 8
1, -6
1, -2
1, 0
1, -7
1, -5
1, 0
1, -1
0, 3
1, -5
1, -3
0, 8
1, 1
1, 5
1, -5
1, 0
0, 0
1, 0
1, -1
0, -26
1, -6
0, -1
1, -2
1, -1
1, 0
1, 0
1, 2
1, -1
1, 1
1, 3
1, 7
1, 4
1, -2
0, -11
0, -18
0, 10
1, -3
1, -6
1, -1
0, -12
0, 0
0, -10
1, -11
1, -6
1, -1
1, 6
1, 1
0, 1
1, 7
1, -1
0, -1
1, -4
1, -4
1, 0
1, -6
0, -1
1, 0
1, 2
1, -2
1, -8
1, 0
1, 1
0, 1
1, 1
1, -10
1, -3
1, 1
1, 11
0, 0
1, -3
1, -8
1, 9
0, 1
0, 15
1, -7
1, -2
1, 3
1, -5
0, 18
1, -5
0, -17
1, 0
1, 5
0, -14
1, -6
1, 0
1, 4
1, 3
1, 1
0, 1
1, 7
0, 0
0, -15
1, 7
0, -1
1, -2
1, -6
1, 1
1, 3
1, 2
1, -10
0, -17
1, -7
0, -8
1, 9
1, -7
0, -14
1, 5
0, -24
0, -3
1, 0
1, 8
1, 5
1, -5
1, -5
1, 7
1, 2
1, -9
1, -6
1, 3
0, 22
1, 0
1, 1
1, 5
1, 1
1, 0
1, -1
1, -7
1, -4
1, 8
0, 18
0, 14
1, 1
1, 4
1, -2
1, 2
1, 1
1, 3
1, 5
0, -16
1, 5
0, 9
1, -3
1, 5
1, 6
1, -2
1, -12
1, 4
1, 2
1, -3
1, 4
1, 2
1, -2
1, -1
1, -12
1, 5
1, -8
1, 2
1, 1
1, -3
1, -4
0, -9
1, 4
1, -6
1, 0
1, 1
1, 0
0, 20
0, -1
1, -2
1, 0
1, 4
1, -2
1, -5
1, 3
1, 2
0, 1
1, -3
0, -11
0, 2
1, 5
1, 2
1, 0
1, -1
1, 0
1, 2
1, -5
1, 2
1, -1
1, 2
1, -3
0, -21
0, -13
1, 0
1, 5
1, 2
1, -4
1, 6
1, 1
1, 5
0, 0
0, 0
0, 1
1, -2
1, 0
1, 4
1, 1
0, 0
0, -20
1, -12
0, 8
1, -3
0, 17
1, -3
1, -6
1, 3
1, -3
0, 2
1, 6
1, -8
1, -4
1, 7
1, 7
1, -3
0, 0
0, 1
0, 0
1, 2
0, 0
0, 13
1, -10
1, -2
1, -4
1, -2
1, 0
1, -3
1, -11
1, 0
1, 3
1, 8
1, 4
1, 1
1, -1
1, -6
1, 6
1, -6
1, 6
1, 8
1, 3
0, -1
1, 1
0, 3
1, 9
1, 0
1, -13
0, -1
1, -1
1, 5
1, 0
0, -11
0, 24
1, -4
1, 5
1, -8
1, 2
1, 2
1, -1
1, -4
1, -3
0, 15
1, -2
1, -3
1, 0
1, 4
1, 4
1, 5
1, 0
1, 6
0, 2
1, 4
1, -1
1, 5
0, -2
1, 6
0, 0
0, 0
0, -12
1, 0
1, -11
0, 1
1, 4
1, -6
0, 14
0, 15
1, -2
1, 5
1, 8
1, 1
1, 0
0, -2
0, -15
1, -3
0, -15
1, 2
1, 4
1, -3
0, 0
1, 1
0, -15
1, -7
1, -6
1, 3
0, 13
1, 1
1, -3
1, -5
1, -1
1, 1
1, 0
1, 8
0, 12
1, -4
0, 10
0, 3
0, -2
1, 4
1, -2
1, 1
1, 3
1, 1
0, 2
1, 0
1, -2
1, 4
1, -2
1, -5
0, 7
0, -7
1, 2
0, 2
0, -8
1, 7
1, -7
1, -3
1, 4
1, -3
1, -4
1, 2
1, -1
1, 0
1, 3
1, 6
1, -13
1, -4
0, -14
0, 0
0, 1
1, -4
0, -3
1, 9
1, 2
1, -4
1, 7
1, -1
0, -25
0, 25
1, 4
1, 10
1, 2
1, 1
0, -16
1, 3
0, 3
1, 10
1, 1
1, -1
1, -1
0, 12
1, -2
1, -1
0, 10
1, -2
0, 1
1, -8
1, 2
1, -5
1, -3
1, -5
0, 8
1, 4
1, 2
0, 20
1, 4
0, -9
1, -2
0, 19
0, -11
0, 18
1, 3
0, -9
0, -11
1, -1
0, -1
1, 0
1, 1
1, -2
0, -12
1, 1
1, 9
1, -1
1, -11
0, 2
1, 4
0, 10
0, -8
1, 3
1, -7
1, -11
1, -2
1, 5
1, -3
0, -2
1, -5
0, -1
0, 0
1, -1
0, 1
0, 0
1, -4
0, -14
1, 1
0, -14
1, 2
1, 0
1, 3
1, 5
0, 2
1, 3
1, -2
1, 6
1, 12
1, 1
1, 1
1, 0
1, 13
0, -1
0, -8
1, -2
1, 1
0, 22
1, -11
1, -2
1, -14
1, -1
0, -8
0, -17
1, 4
1, 2
0, 0
1, 4
1, 0
1, -5
1, -2
1, -2
0, -21
1, -2
1, -4
1, 7
1, -1
1, 3
1, -9
1, 0
0, 0
1, -6
1, -8
1, -8
1, 3
1, 1
1, 1
1, 4
1, 1
0, 0
1, -3
1, -6
1, 3
1, 5
0, 0
1, 4
0, 0
1, 2
1, 0
1, 6
1, 3
1, 5
1, -1
0, -10
1, 1
1, 3
1, 7
1, 7
1, -1
1, -1
1, 5
1, 7
Broadcasting 83.935 MB in 3422812 rounds, taking 76.5383 seconds
Sending to all 476.634 MB in 1734125 rounds, taking 51.1726 seconds
Sending/receiving 985.889 MB in 5193965 rounds, taking 110.376 seconds
	934 bits of Shamir gf2n_long left
Data sent = 2107.03 MB in ~10350902 rounds (party 0 only)
Global data sent = 4891.2 MB (all parties)
Data sent in online phase = 2107.03 MB (this party only)
Time = 255.168 seconds
----------------------------------------
