Running with n=4 and lambd=40
========================================
Default bit length for compilation: 64
Compiling: test-sampling-main from compile_func
direct ** communication: 880, random bit: 880, totol: 1760
ostack ** communication: 33870, random bit: 720, total: 34590
use direct
Discrete Laplace geo ostack
lambda 40
n 4
num_variable 6
t 1.0
k 5
acc: 44
num of AND gates: 33870
num of random bits: 720
num of AND + random bits: 34590
p 0.36787944117144232159552377016146086744581113103177
g 3
u 73
q 3
v 71
First Call to obliv stack from basic sampler
Second Call to obliv stack from basic sampler
First Call to obliv stack from basic sampler
Second Call to obliv stack from basic sampler
900
WARNING: Order of memory instructions not preserved, errors possible
Writing to Programs/Schedules/test-sampling-main.sch
Writing to Programs/Bytecode/test-sampling-main-0.bc
Hash: e4ae16dbf220b5ca6da9ac52ecf74486c9518152d84c535a9c4a5edc67e7ea37
Program requires at most:
         900 bit inputs from player 0
         900 bit inputs from player 1
         900 bit inputs from player 2
         inf bit triples
           8 bit mixeds
         inf virtual machine rounds
Using statistical security parameter 40
2
0
-2
4
Broadcasting 0.0441 MB in 1800 rounds, taking 0.0443678 seconds
Sending to all 6.61421 MB in 961 rounds, taking 0.0323736 seconds
Sending/receiving 14.6633 MB in 2950 rounds, taking 0.0928599 seconds
	778 bits of Shamir gf2n_long left
Data sent = 27.9799 MB in ~5711 rounds (party 0 only)
Global data sent = 64.1132 MB (all parties)
Data sent in online phase = 27.9799 MB (this party only)
Time = 0.302917 seconds
----------------------------------------
Running with n=1024 and lambd=40
========================================
Default bit length for compilation: 64
Compiling: test-sampling-main from compile_func
direct ** communication: 276480, random bit: 276480, totol: 552960
ostack ** communication: 1394532, random bit: 17268, total: 1411800
use direct
Discrete Laplace geo ostack
lambda 40
n 1024
num_variable 1146
t 1.0
k 6
acc: 45
num of AND gates: 1394532
num of random bits: 17268
num of AND + random bits: 1411800
p 0.36787944117144232159552377016146086744581113103177
g 765
u 1869
q 381
v 1009
First Call to obliv stack from basic sampler
Second Call to obliv stack from basic sampler
First Call to obliv stack from basic sampler
Second Call to obliv stack from basic sampler
64372
WARNING: Order of memory instructions not preserved, errors possible
Writing to Programs/Schedules/test-sampling-main.sch
Writing to Programs/Bytecode/test-sampling-main-0.bc
Hash: 14413aa86ef504c7ed7c3308c71eb196e447d2ac9ac277c64eb2c7a430feb8a6
Program requires at most:
       64372 bit inputs from player 0
       64372 bit inputs from player 1
       64372 bit inputs from player 2
         inf bit triples
        2048 bit mixeds
         inf virtual machine rounds
Using statistical security parameter 40
0
1
0
0
0
0
0
3
-3
1
-1
0
6
1
3
2
0
0
0
2
0
-3
1
1
0
1
5
0
1
1
0
0
-1
-2
0
0
1
2
2
1
-1
2
0
0
0
1
1
0
-2
-1
1
0
2
1
0
1
-1
0
1
4
0
-2
0
0
1
1
2
0
0
0
0
-1
0
0
1
-2
0
1
0
0
0
1
0
2
-2
-2
0
-1
1
-1
-2
1
0
0
0
-1
1
-1
-2
0
0
0
0
2
0
0
0
-1
0
0
-1
-1
-2
0
-1
0
1
0
1
0
3
-1
0
0
2
-1
0
0
0
0
0
1
1
0
-1
1
-3
0
0
0
-1
0
-1
0
0
0
0
0
1
0
1
-3
-1
0
-1
1
0
0
0
-3
0
0
0
0
4
0
1
0
-1
4
2
4
0
-1
-1
1
0
1
-3
1
-3
-1
-2
0
0
0
0
-2
-1
-1
-2
-1
1
1
-2
0
1
0
0
-4
1
1
0
0
0
0
1
0
0
1
0
2
-3
-2
-2
1
3
0
-2
1
0
1
0
0
1
0
-1
1
0
0
1
-1
3
-1
0
-1
0
6
1
-1
0
0
-1
1
0
1
2
1
0
1
-1
1
-1
1
1
0
0
0
-2
0
1
0
1
0
1
0
1
1
0
0
3
-1
0
0
2
-2
0
2
0
1
-1
0
2
0
-3
0
-1
0
-6
0
2
-1
-1
1
-1
0
1
0
1
0
0
-2
-1
-1
1
0
-2
2
-1
0
-2
-2
-1
0
-2
-1
1
0
0
0
0
-2
-8
2
-1
0
-1
0
2
2
-3
0
2
0
-2
-3
0
-1
0
0
0
1
1
1
0
-1
2
3
1
-1
1
2
-1
1
-2
1
1
3
0
0
0
-1
0
-2
-1
0
0
0
1
0
0
0
1
2
0
2
2
-2
0
-1
0
1
0
-1
1
1
1
0
-2
0
1
-2
1
1
1
1
0
-1
0
2
0
0
1
3
-5
0
1
0
-2
0
1
1
-1
0
5
0
0
0
0
0
-2
-1
0
3
0
1
4
-1
-1
0
-1
0
1
-6
3
-1
-1
-1
2
-1
0
0
1
0
0
2
-1
0
1
1
1
-4
1
0
2
-1
1
0
1
0
0
1
0
1
0
-1
-2
1
0
-1
-1
0
-2
1
0
0
-2
-1
-2
0
0
0
-2
0
0
-1
-1
-1
3
-6
0
0
0
0
-1
-1
4
-6
0
-1
-2
0
1
-1
1
0
1
1
1
1
-2
0
1
0
2
1
0
0
-6
0
3
0
0
1
-1
0
0
1
-1
3
0
2
0
0
0
0
-1
1
0
0
0
0
0
-2
-1
0
0
0
0
0
1
-1
1
0
0
0
0
1
0
1
0
0
1
-1
0
-1
-3
0
-1
0
-1
0
2
0
0
0
0
1
0
-4
1
1
0
0
-1
-1
-3
2
-1
0
-1
1
0
2
0
0
1
-1
2
1
1
-1
0
0
-1
0
1
-4
2
1
-2
0
0
2
0
-2
0
1
1
0
1
-1
-1
0
0
0
4
-1
0
0
-5
0
0
0
0
2
0
-3
0
0
0
0
2
2
-1
1
2
0
2
-1
0
0
0
0
-1
-2
3
0
0
1
4
0
0
-1
1
-1
2
-1
5
0
0
0
2
0
0
-1
2
-1
6
0
1
-1
0
0
-2
1
1
2
1
0
0
-1
1
-2
4
0
0
0
0
0
-1
-1
1
1
0
0
1
2
-4
0
1
1
1
0
-3
0
0
-1
0
-1
0
2
1
0
0
0
0
1
0
2
1
0
0
1
-2
1
0
0
0
0
0
0
1
0
0
0
1
0
-1
-2
0
1
-1
-1
0
1
-1
-1
0
1
0
2
-2
0
2
0
-1
0
0
0
0
1
0
-1
-1
0
1
-1
-1
1
-1
-1
4
0
0
0
4
0
0
-2
2
1
-1
-1
0
-1
2
-5
0
1
0
0
-1
-2
0
0
0
3
0
-1
0
1
1
0
-2
-2
0
-1
-1
1
1
0
1
0
0
-1
0
-2
5
0
0
0
-1
0
-1
0
1
1
0
0
0
-1
-2
0
1
0
0
-1
-1
1
0
2
0
-4
0
-1
-1
-3
1
0
1
1
-1
0
-1
-2
-1
0
-1
2
-1
1
0
-1
-1
0
0
0
0
1
-2
-4
-2
0
0
0
0
-1
0
1
0
-1
1
1
-1
-2
0
1
-1
0
0
1
2
0
0
0
-1
0
0
1
-3
-1
1
1
1
-3
3
0
1
1
2
0
0
-1
-1
0
-1
2
0
0
-1
-1
0
-3
2
1
3
-1
0
0
-1
1
-2
0
-3
0
1
3
0
0
1
-1
0
-1
1
0
1
0
-1
0
0
0
0
0
0
-2
1
0
-1
0
1
-1
-2
-2
0
1
2
0
0
0
-2
0
0
1
-1
0
-1
0
0
-1
1
0
0
2
1
0
-2
1
0
1
-3
1
-1
2
0
0
2
0
-1
0
0
0
1
1
2
0
-2
-1
3
1
1
0
0
1
Broadcasting 3.15423 MB in 128744 rounds, taking 2.97118 seconds
Sending to all 290.812 MB in 73231 rounds, taking 2.46971 seconds
Sending/receiving 643.308 MB in 210243 rounds, taking 5.42183 seconds
	44 bits of Shamir gf2n_long left
Data sent = 1231.24 MB in ~412218 rounds (party 0 only)
Global data sent = 2821.27 MB (all parties)
Data sent in online phase = 1231.24 MB (this party only)
Time = 17.0561 seconds
----------------------------------------
