Running with n=4 and lambd=40
========================================
Default bit length for compilation: 64
Compiling: test-sampling-main from compile_func
direct ** communication: 1584, random bit: 1584, totol: 3168
ostack ** communication: 62604, random bit: 1314, total: 63918
use direct
Discrete Laplace geo ostack
lambda 40
n 4
num_variable 6
t 10.0
k 9
acc: 44
num of AND gates: 62604
num of random bits: 1314
num of AND + random bits: 63918
p 0.90483741803595956814139238421693559530906465375738
g 3
u 74
q 3
v 72
First Call to obliv stack from basic sampler
Second Call to obliv stack from basic sampler
First Call to obliv stack from basic sampler
Second Call to obliv stack from basic sampler
1494
WARNING: Order of memory instructions not preserved, errors possible
Writing to Programs/Schedules/test-sampling-main.sch
Writing to Programs/Bytecode/test-sampling-main-0.bc
Hash: 958a5d86cc4d143a5f38f6177b98745c1b8b7428253d70facd34ccf2cb93f461
Program requires at most:
        1494 bit inputs from player 0
        1494 bit inputs from player 1
        1494 bit inputs from player 2
         inf bit triples
           8 bit mixeds
         inf virtual machine rounds
Using statistical security parameter 40
-21
15
-22
15
Broadcasting 0.119434 MB in 4766 rounds, taking 0.114358 seconds
Partial broadcasting 67.0237 MB in 5010 rounds, taking 0.169441 seconds
Sending/receiving 61.5713 MB in 3412 rounds, taking 0.122149 seconds
	322 triples of Shamir gf2n_long left
	908 bits of Shamir gf2n_long left
Data sent = 195.858 MB in ~13188 rounds (party 0 only)
Global data sent = 587.557 MB (all parties)
Data sent in online phase = 195.858 MB (this party only)
Time = 1.41428 seconds
----------------------------------------
Running with n=1024 and lambd=40
========================================
Default bit length for compilation: 64
Compiling: test-sampling-main from compile_func
direct ** communication: 414720, random bit: 414720, totol: 829440
ostack ** communication: 2093220, random bit: 25938, total: 2119158
use direct
Discrete Laplace geo ostack
lambda 40
n 1024
num_variable 1146
t 10.0
k 9
acc: 45
num of AND gates: 2093220
num of random bits: 25938
num of AND + random bits: 2119158
p 0.90483741803595956814139238421693559530906465375738
g 765
u 1871
q 381
v 1011
First Call to obliv stack from basic sampler
Second Call to obliv stack from basic sampler
First Call to obliv stack from basic sampler
Second Call to obliv stack from basic sampler
73042
WARNING: Order of memory instructions not preserved, errors possible
Writing to Programs/Schedules/test-sampling-main.sch
Writing to Programs/Bytecode/test-sampling-main-0.bc
Hash: 20a7815fdf19bc788639063f4655fa80979755e19fc4d46dd0d7ab58c926ae36
Program requires at most:
       73042 bit inputs from player 0
       73042 bit inputs from player 1
       73042 bit inputs from player 2
         inf bit triples
        2048 bit mixeds
         inf virtual machine rounds
Using statistical security parameter 40
1
4
-4
13
-68
6
2
6
-9
0
-7
-5
0
2
-1
-10
0
-11
-16
5
1
-19
1
6
-8
14
-4
15
-11
48
-35
1
16
-11
-7
10
26
20
14
-13
17
-1
-19
-48
-4
-19
9
1
-9
1
-2
-18
0
-17
8
11
-22
-3
10
-1
-18
-13
-4
10
5
0
-25
-12
1
-26
2
-7
3
16
-4
7
6
0
-3
2
-3
0
0
-1
-1
17
-30
-8
-3
-11
-2
-1
3
-7
6
5
1
-1
-12
-10
27
25
-10
-6
3
-17
5
3
-4
13
-11
-50
-17
-2
13
-35
-7
17
7
0
-22
-21
7
-24
-3
-16
-11
9
-4
-6
-7
0
-11
12
8
-2
-9
-28
24
-1
-5
5
-15
-1
6
-4
-4
-1
-15
18
-10
0
8
-14
25
-18
0
5
-1
-13
-4
16
-6
-3
-8
11
39
-11
-14
-10
3
0
21
21
1
-4
7
2
-5
-3
-4
-5
-5
-16
-13
11
22
4
2
1
16
-5
19
7
-19
-14
83
5
-10
11
-24
1
17
-2
0
5
37
-7
1
25
-10
24
-24
-23
-5
-4
10
-40
-3
-13
-14
-5
-11
12
-23
-3
-4
13
1
-17
-4
1
1
-1
0
5
25
2
0
10
0
15
4
4
21
3
7
-3
7
6
0
-3
36
0
1
-12
5
1
-1
6
-1
-11
19
-4
-8
-2
-13
-26
-8
0
-10
-7
13
10
2
1
-26
-4
22
-3
-14
0
19
9
5
3
14
1
-2
17
-9
-1
-1
-5
-4
2
-2
-2
29
67
-7
7
-1
13
-8
10
-6
-7
-3
2
-20
4
6
-3
-10
3
4
-21
9
-31
-1
7
3
-14
-10
-6
10
17
-2
23
-1
-5
-26
-29
5
-3
-5
26
17
12
-32
16
4
-2
2
3
-7
-6
-28
3
0
-9
1
4
23
1
-1
-6
3
12
-1
0
-11
2
-22
6
-25
-3
-15
-2
5
-35
2
9
-4
-5
3
-41
-1
6
-11
49
-4
14
5
54
-8
-13
-34
-6
-25
7
0
23
-8
-12
-11
1
35
10
1
3
2
-3
11
17
-17
5
5
13
12
-8
16
19
-23
12
12
-8
-14
6
12
-2
-15
-16
15
11
-24
11
7
17
6
0
14
-1
8
-5
0
-6
-3
0
16
-3
1
-2
-2
-4
-6
3
-3
-1
5
-3
-1
15
-2
-13
-11
-6
-5
46
8
-8
-8
8
-25
5
-12
-4
3
21
-2
4
0
-11
13
-10
-11
-1
-21
16
16
-9
1
-5
6
28
-11
-1
17
28
4
-4
-2
-2
-3
-13
3
-12
4
5
-22
5
-4
4
4
7
29
15
4
8
-2
-14
-27
-9
0
4
7
30
-1
58
20
20
6
-7
-36
-3
-8
0
-16
10
32
5
-3
-10
41
30
-3
26
-9
6
1
26
-1
-6
-11
-2
-20
-19
9
1
-1
37
0
-34
6
-21
6
5
4
-7
12
2
1
-11
-14
-18
-9
0
-3
11
-14
1
-7
3
-20
-2
2
-10
-3
-9
-22
-21
10
14
34
21
9
2
-5
-19
17
-5
11
11
10
11
31
-21
11
-1
3
14
1
2
26
1
16
10
5
3
14
10
6
-9
4
-3
2
6
-14
3
16
-16
11
-38
0
-6
-20
10
-10
-1
1
-12
-9
-2
-1
1
8
-7
-9
-7
-26
-8
-9
0
-40
-8
5
-10
-2
-4
10
-8
-10
-7
-6
0
-27
14
1
10
-5
-16
-1
-16
-6
10
-1
14
55
-5
-20
-20
28
0
-5
-6
-24
30
-6
-5
-2
5
0
-1
-1
-7
13
18
-3
8
-1
24
17
38
3
-13
13
7
6
-9
-10
5
31
17
-1
-4
-6
-4
7
10
7
6
8
-7
1
-17
0
-1
9
-1
-15
-26
20
0
-5
-17
-2
9
-42
-7
-4
-2
17
-26
46
18
21
-40
14
-4
5
-3
5
3
-26
0
-5
-3
8
-2
-5
-5
-5
-1
10
4
-7
38
1
2
2
1
8
-5
-44
-18
-7
6
22
4
1
13
7
7
-36
12
-6
-1
-10
9
-35
3
-9
1
14
-8
-7
7
4
2
2
1
19
44
-3
1
-3
-3
-33
-2
4
-10
-6
4
-11
1
-2
5
7
28
2
-3
-68
-6
-14
-4
-8
17
5
-41
16
-12
-1
9
1
3
35
1
2
5
-10
25
5
1
-15
8
5
1
-8
16
-21
-8
-23
3
9
15
-5
-22
4
14
-11
-1
24
17
-2
6
-7
30
11
-7
20
-8
34
2
11
55
4
2
4
-1
-3
13
-27
73
3
3
-13
6
-7
-52
5
-20
-2
-1
-10
-10
23
4
5
6
46
-10
27
-2
5
-8
2
13
-24
-35
5
-4
-3
-24
12
10
-4
0
10
0
6
-36
43
16
-17
-3
-5
1
0
-1
-15
-6
10
-1
-1
6
-7
-1
14
3
-26
13
14
-4
-9
-14
0
0
1
9
0
9
-1
-4
6
-4
-19
-18
-28
4
3
-1
8
-16
-2
5
9
1
7
31
-4
5
0
7
-2
0
-14
6
0
7
0
-3
45
1
-19
7
-2
3
6
-5
-8
-2
3
5
-1
-10
-2
20
0
1
-3
-1
4
3
1
30
-2
-5
16
-16
0
-22
-7
-2
-3
9
3
8
11
2
32
4
19
-11
0
4
-26
-10
-1
-7
0
16
14
-44
Broadcasting 5.20609 MB in 208662 rounds, taking 5.17037 seconds
Partial broadcasting 2361.19 MB in 226216 rounds, taking 7.43877 seconds
Sending/receiving 2167.58 MB in 140286 rounds, taking 5.74275 seconds
	638 triples of Shamir gf2n_long left
	828 bits of Shamir gf2n_long left
Data sent = 6900.37 MB in ~575164 rounds (party 0 only)
Global data sent = 20701.1 MB (all parties)
Data sent in online phase = 6900.37 MB (this party only)
Time = 51.6212 seconds
----------------------------------------
